[debug] [2026-09-25T14:21:07.965Z] ----------------------------------------------------------------------
[debug] [2026-09-25T14:21:07.967Z] Command:       /Users/camslade/.nvm/versions/node/v22.22.0/bin/node /Users/camslade/.nvm/versions/node/v22.22.0/bin/firebase deploy
[debug] [2026-09-25T14:21:07.968Z] CLI Version:   15.6.0
[debug] [2026-09-25T14:21:07.968Z] Platform:      darwin
[debug] [2026-09-25T14:21:07.968Z] Node Version:  v22.22.0
[debug] [2026-09-25T14:21:07.968Z] Time:          Fri Sep 25 2026 09:21:07 GMT-0500 (Central Daylight Time)
[debug] [2026-09-25T14:21:07.968Z] ----------------------------------------------------------------------
[debug] 
[debug] [2026-09-25T14:21:07.969Z] >>> [apiv2][query] GET https://firebase-public.firebaseio.com/cli.json [none]
[debug] [2026-09-25T14:21:09.056Z] > command requires scopes: ["email","openid","https://www.googleapis.com/auth/cloudplatformprojects.readonly","https://www.googleapis.com/auth/firebase","https://www.googleapis.com/auth/cloud-platform"]
[debug] [2026-09-25T14:21:09.056Z] > authorizing via signed-in user (camdenslade04@gmail.com)
[debug] [2026-09-25T14:21:09.056Z] [iam] checking project portfolio-dae1f for permissions ["cloudfunctions.functions.create","cloudfunctions.functions.delete","cloudfunctions.functions.get","cloudfunctions.functions.list","cloudfunctions.functions.update","cloudfunctions.operations.get","datastore.indexes.create","datastore.indexes.delete","datastore.indexes.list","datastore.indexes.update","firebase.projects.get","firebasehosting.sites.update"]
[debug] [2026-09-25T14:21:09.057Z] Checked if tokens are valid: false, expires at: 1790177311148
[debug] [2026-09-25T14:21:09.057Z] Checked if tokens are valid: false, expires at: 1790177311148
[debug] [2026-09-25T14:21:09.057Z] > refreshing access token with scopes: []
[debug] [2026-09-25T14:21:09.058Z] >>> [apiv2][query] POST https://www.googleapis.com/oauth2/v3/token [none]
[debug] [2026-09-25T14:21:09.058Z] >>> [apiv2][body] POST https://www.googleapis.com/oauth2/v3/token [omitted]
[debug] [2026-09-25T14:21:09.215Z] <<< [apiv2][status] POST https://www.googleapis.com/oauth2/v3/token 200
[debug] [2026-09-25T14:21:09.215Z] <<< [apiv2][body] POST https://www.googleapis.com/oauth2/v3/token [omitted]
[debug] [2026-09-25T14:21:09.232Z] >>> [apiv2][query] POST https://cloudresourcemanager.googleapis.com/v1/projects/portfolio-dae1f:testIamPermissions [none]
[debug] [2026-09-25T14:21:09.232Z] >>> [apiv2][(partial)header] POST https://cloudresourcemanager.googleapis.com/v1/projects/portfolio-dae1f:testIamPermissions  x-goog-user-project=portfolio-dae1f
[debug] [2026-09-25T14:21:09.232Z] >>> [apiv2][body] POST https://cloudresourcemanager.googleapis.com/v1/projects/portfolio-dae1f:testIamPermissions {"permissions":["cloudfunctions.functions.create","cloudfunctions.functions.delete","cloudfunctions.functions.get","cloudfunctions.functions.list","cloudfunctions.functions.update","cloudfunctions.operations.get","datastore.indexes.create","datastore.indexes.delete","datastore.indexes.list","datastore.indexes.update","firebase.projects.get","firebasehosting.sites.update"]}
[debug] [2026-09-25T14:21:09.373Z] <<< [apiv2][status] POST https://cloudresourcemanager.googleapis.com/v1/projects/portfolio-dae1f:testIamPermissions 200
[debug] [2026-09-25T14:21:09.373Z] <<< [apiv2][body] POST https://cloudresourcemanager.googleapis.com/v1/projects/portfolio-dae1f:testIamPermissions {"permissions":["cloudfunctions.functions.create","cloudfunctions.functions.delete","cloudfunctions.functions.get","cloudfunctions.functions.list","cloudfunctions.functions.update","cloudfunctions.operations.get","datastore.indexes.create","datastore.indexes.delete","datastore.indexes.list","datastore.indexes.update","firebase.projects.get","firebasehosting.sites.update"]}
[debug] [2026-09-25T14:21:09.373Z] Checked if tokens are valid: true, expires at: 1790349668215
[debug] [2026-09-25T14:21:09.373Z] Checked if tokens are valid: true, expires at: 1790349668215
[debug] [2026-09-25T14:21:09.374Z] >>> [apiv2][query] POST https://iam.googleapis.com/v1/projects/portfolio-dae1f/serviceAccounts/portfolio-dae1f@appspot.gserviceaccount.com:testIamPermissions [none]
[debug] [2026-09-25T14:21:09.374Z] >>> [apiv2][body] POST https://iam.googleapis.com/v1/projects/portfolio-dae1f/serviceAccounts/portfolio-dae1f@appspot.gserviceaccount.com:testIamPermissions {"permissions":["iam.serviceAccounts.actAs"]}
[debug] [2026-09-25T14:21:09.384Z] <<< [apiv2][status] GET https://firebase-public.firebaseio.com/cli.json 200
[debug] [2026-09-25T14:21:09.384Z] <<< [apiv2][body] GET https://firebase-public.firebaseio.com/cli.json {"cloudBuildErrorAfter":1594252800000,"cloudBuildWarnAfter":1590019200000,"defaultNode10After":1594252800000,"minVersion":"3.0.5","node8DeploysDisabledAfter":1613390400000,"node8RuntimeDisabledAfter":1615809600000,"node8WarnAfter":1600128000000}
[debug] [2026-09-25T14:21:09.570Z] <<< [apiv2][status] POST https://iam.googleapis.com/v1/projects/portfolio-dae1f/serviceAccounts/portfolio-dae1f@appspot.gserviceaccount.com:testIamPermissions 200
[debug] [2026-09-25T14:21:09.570Z] <<< [apiv2][body] POST https://iam.googleapis.com/v1/projects/portfolio-dae1f/serviceAccounts/portfolio-dae1f@appspot.gserviceaccount.com:testIamPermissions {"permissions":["iam.serviceAccounts.actAs"]}
[debug] [2026-09-25T14:21:09.571Z] Checked if tokens are valid: true, expires at: 1790349668215
[debug] [2026-09-25T14:21:09.571Z] Checked if tokens are valid: true, expires at: 1790349668215
[debug] [2026-09-25T14:21:09.572Z] >>> [apiv2][query] GET https://firebase.googleapis.com/v1beta1/projects/portfolio-dae1f [none]
[debug] [2026-09-25T14:21:09.865Z] <<< [apiv2][status] GET https://firebase.googleapis.com/v1beta1/projects/portfolio-dae1f 200
[debug] [2026-09-25T14:21:09.865Z] <<< [apiv2][body] GET https://firebase.googleapis.com/v1beta1/projects/portfolio-dae1f {"projectId":"portfolio-dae1f","projectNumber":"771903711825","displayName":"Portfolio","name":"projects/portfolio-dae1f","resources":{"hostingSite":"portfolio-dae1f"},"state":"ACTIVE","labels":{"firebase":"enabled"},"etag":"1_72e350cc-bf52-488b-9396-edbccf76ddd3"}
[info] 
[info] === Deploying to 'portfolio-dae1f'...
[info] 
[info] i  deploying firestore, functions, hosting 
[info] Running command: npm --prefix functions run build
[info] ✔  functions: Finished running predeploy script. 
[info] i  firestore: ensuring required API firestore.googleapis.com is enabled... 
[info] i  firestore: ensuring required API firestore.googleapis.com is enabled... 
[debug] [2026-09-25T14:21:10.918Z] Checked if tokens are valid: true, expires at: 1790349668215
[debug] [2026-09-25T14:21:10.918Z] Checked if tokens are valid: true, expires at: 1790349668215
[debug] [2026-09-25T14:21:10.918Z] >>> [apiv2][query] GET https://firestore.googleapis.com/v1/projects/portfolio-dae1f/databases/(default) [none]
[debug] [2026-09-25T14:21:11.179Z] <<< [apiv2][status] GET https://firestore.googleapis.com/v1/projects/portfolio-dae1f/databases/(default) 200
[debug] [2026-09-25T14:21:11.179Z] <<< [apiv2][body] GET https://firestore.googleapis.com/v1/projects/portfolio-dae1f/databases/(default) {"name":"projects/portfolio-dae1f/databases/(default)","uid":"0dea6c6b-7f1d-496a-a81d-7ce70d09e7ea","createTime":"2026-05-02T20:05:47.284887Z","updateTime":"2026-05-02T20:05:47.284887Z","locationId":"nam5","type":"FIRESTORE_NATIVE","concurrencyMode":"PESSIMISTIC","versionRetentionPeriod":"3600s","earliestVersionTime":"2026-09-25T13:21:11.178181Z","appEngineIntegrationMode":"DISABLED","keyPrefix":"s","pointInTimeRecoveryEnablement":"POINT_IN_TIME_RECOVERY_DISABLED","deleteProtectionState":"DELETE_PROTECTION_DISABLED","databaseEdition":"STANDARD","freeTier":true,"realtimeUpdatesMode":"REALTIME_UPDATES_MODE_ENABLED","enhancedTextSearchQueryMode":"ENHANCED_QUERY_MODE_ENABLED","etag":"IOXz4+z2iZcDMI6vnN2OnJQD"}
[info] i  cloud.firestore: checking firestore.rules for compilation errors... 
[debug] [2026-09-25T14:21:11.182Z] Checked if tokens are valid: true, expires at: 1790349668215
[debug] [2026-09-25T14:21:11.182Z] Checked if tokens are valid: true, expires at: 1790349668215
[debug] [2026-09-25T14:21:11.182Z] >>> [apiv2][query] POST https://firebaserules.googleapis.com/v1/projects/portfolio-dae1f:test [none]
[debug] [2026-09-25T14:21:11.182Z] >>> [apiv2][body] POST https://firebaserules.googleapis.com/v1/projects/portfolio-dae1f:test [omitted]
[debug] [2026-09-25T14:21:11.353Z] <<< [apiv2][status] POST https://firebaserules.googleapis.com/v1/projects/portfolio-dae1f:test 200
[debug] [2026-09-25T14:21:11.353Z] <<< [apiv2][body] POST https://firebaserules.googleapis.com/v1/projects/portfolio-dae1f:test {}
[info] ✔  cloud.firestore: rules file firestore.rules compiled successfully 
[debug] [2026-09-25T14:21:11.355Z] Checked if tokens are valid: true, expires at: 1790349668215
[debug] [2026-09-25T14:21:11.355Z] Checked if tokens are valid: true, expires at: 1790349668215
[debug] [2026-09-25T14:21:11.355Z] >>> [apiv2][query] GET https://cloudresourcemanager.googleapis.com/v1/projects/portfolio-dae1f [none]
[debug] [2026-09-25T14:21:11.424Z] <<< [apiv2][status] GET https://cloudresourcemanager.googleapis.com/v1/projects/portfolio-dae1f 200
[debug] [2026-09-25T14:21:11.424Z] <<< [apiv2][body] GET https://cloudresourcemanager.googleapis.com/v1/projects/portfolio-dae1f {"projectNumber":"771903711825","projectId":"portfolio-dae1f","lifecycleState":"ACTIVE","name":"Portfolio","labels":{"firebase":"enabled","firebase-core":"disabled"},"createTime":"2026-02-15T23:24:45.581260Z"}
[info] i  functions: preparing codebase default for deployment 
[info] i  functions: ensuring required API cloudfunctions.googleapis.com is enabled... 
[info] i  functions: ensuring required API cloudbuild.googleapis.com is enabled... 
[info] i  artifactregistry: ensuring required API artifactregistry.googleapis.com is enabled... 
[debug] [2026-09-25T14:21:11.426Z] Checked if tokens are valid: true, expires at: 1790349668215
[debug] [2026-09-25T14:21:11.427Z] Checked if tokens are valid: true, expires at: 1790349668215
[debug] [2026-09-25T14:21:11.427Z] >>> [apiv2][query] GET https://firebase.googleapis.com/v1beta1/projects/portfolio-dae1f/adminSdkConfig [none]
[debug] [2026-09-25T14:21:11.648Z] <<< [apiv2][status] GET https://firebase.googleapis.com/v1beta1/projects/portfolio-dae1f/adminSdkConfig 200
[debug] [2026-09-25T14:21:11.648Z] <<< [apiv2][body] GET https://firebase.googleapis.com/v1beta1/projects/portfolio-dae1f/adminSdkConfig {"projectId":"portfolio-dae1f","storageBucket":"portfolio-dae1f.firebasestorage.app"}
[debug] [2026-09-25T14:21:11.649Z] Checked if tokens are valid: true, expires at: 1790349668215
[debug] [2026-09-25T14:21:11.649Z] Checked if tokens are valid: true, expires at: 1790349668215
[debug] [2026-09-25T14:21:11.649Z] >>> [apiv2][query] GET https://runtimeconfig.googleapis.com/v1beta1/projects/portfolio-dae1f/configs [none]
[debug] [2026-09-25T14:21:11.875Z] <<< [apiv2][status] GET https://runtimeconfig.googleapis.com/v1beta1/projects/portfolio-dae1f/configs 200
[debug] [2026-09-25T14:21:11.875Z] <<< [apiv2][body] GET https://runtimeconfig.googleapis.com/v1beta1/projects/portfolio-dae1f/configs {}
[debug] [2026-09-25T14:21:11.876Z] Validating nodejs source
[warn] ⚠  functions: package.json indicates an outdated version of firebase-functions. Please upgrade using npm install --save firebase-functions@latest in your functions directory. 
[debug] [2026-09-25T14:21:12.227Z] > [functions] package.json contents: {
  "name": "functions",
  "version": "1.0.0",
  "description": "",
  "main": "lib/index.js",
  "scripts": {
    "build": "tsc",
    "build:watch": "tsc --watch"
  },
  "engines": {
    "node": "22"
  },
  "keywords": [],
  "author": "",
  "license": "ISC",
  "dependencies": {
    "firebase-admin": "^13.8.0",
    "firebase-functions": "^7.2.5"
  },
  "devDependencies": {
    "@types/node": "^25.6.0",
    "typescript": "^6.0.3"
  }
}
[debug] [2026-09-25T14:21:12.227Z] Building nodejs source
[info] i  functions: Loading and analyzing source code for codebase default to determine what to deploy 
[debug] [2026-09-25T14:21:12.228Z] Could not find functions.yaml. Must use http discovery
[debug] [2026-09-25T14:21:12.233Z] Found firebase-functions binary at '/Users/camslade/Portfolio/functions/node_modules/.bin/firebase-functions'
[info] Serving at port 8241

[debug] [2026-09-25T14:21:12.624Z] Got response from /__/functions.yaml {"endpoints":{"setBadgeOverrides":{"availableMemoryMb":null,"timeoutSeconds":null,"minInstances":null,"maxInstances":null,"ingressSettings":null,"concurrency":null,"serviceAccountEmail":null,"vpc":null,"platform":"gcfv2","labels":{},"httpsTrigger":{},"entryPoint":"setBadgeOverrides"},"getBadgeOverrides":{"availableMemoryMb":null,"timeoutSeconds":null,"minInstances":null,"maxInstances":null,"ingressSettings":null,"concurrency":null,"serviceAccountEmail":null,"vpc":null,"platform":"gcfv2","labels":{},"httpsTrigger":{},"entryPoint":"getBadgeOverrides"}},"specVersion":"v1alpha1","requiredAPIs":[],"extensions":{}}
